---------------------------------
| rollout/           |          |
|    ep_len_mean     | 1.5e+03  |
|    ep_rew_mean     | -272     |
|    light_cost      | 0        |
|    loom_cost       | 0        |
|    metabolic_cost  | 0        |
| time/              |          |
|    episodes        | 4        |
|    fps             | 95       |
|    time_elapsed    | 93       |
|    total_timesteps | 9000     |
| train/             |          |
|    actor_frozen    | 1        |
|    actor_loss      | 44.5     |
|    critic_loss     | 2.77     |
|    ent_coef        | 1        |
|    ent_coef_loss   | 0        |
|    learning_rate   | 0.0003   |
|    n_updates       | 1332     |
---------------------------------
---------------------------------
| rollout/           |          |
|    ep_len_mean     | 1.5e+03  |
|    ep_rew_mean     | -513     |
|    light_cost      | 0        |
|    loom_cost       | 0        |
|    metabolic_cost  | 0        |
| time/              |          |
|    episodes        | 8        |
|    fps             | 84       |
|    time_elapsed    | 213      |
|    total_timesteps | 18000    |
| train/             |          |
|    actor_frozen    | 1        |
|    actor_loss      | 111      |
|    critic_loss     | 4.32     |
|    ent_coef        | 1        |
|    ent_coef_loss   | 0        |
|    learning_rate   | 0.0003   |
|    n_updates       | 4332     |
---------------------------------
---------------------------------
| rollout/           |          |
|    ep_len_mean     | 1.5e+03  |
|    ep_rew_mean     | -513     |
| time/              |          |
|    episodes        | 12       |
|    fps             | 84       |
|    time_elapsed    | 213      |
|    total_timesteps | 18000    |
---------------------------------
---------------------------------
| rollout/           |          |
|    ep_len_mean     | 1.5e+03  |
|    ep_rew_mean     | -618     |
|    light_cost      | 0        |
|    loom_cost       | 0        |
|    metabolic_cost  | 0        |
| time/              |          |
|    episodes        | 16       |
|    fps             | 81       |
|    time_elapsed    | 330      |
|    total_timesteps | 27000    |
| train/             |          |
|    actor_frozen    | 1        |
|    actor_loss      | 170      |
|    critic_loss     | 5.46     |
|    ent_coef        | 1        |
|    ent_coef_loss   | 0        |
|    learning_rate   | 0.0003   |
|    n_updates       | 7332     |
---------------------------------
---------------------------------
| rollout/           |          |
|    ep_len_mean     | 1.5e+03  |
|    ep_rew_mean     | -677     |
|    light_cost      | 0        |
|    loom_cost       | 0        |
|    metabolic_cost  | 0        |
| time/              |          |
|    episodes        | 20       |
|    fps             | 80       |
|    time_elapsed    | 448      |
|    total_timesteps | 36000    |
| train/             |          |
|    actor_frozen    | 1        |
|    actor_loss      | 222      |
|    critic_loss     | 4.19     |
|    ent_coef        | 1        |
|    ent_coef_loss   | 0        |
|    learning_rate   | 0.0003   |
|    n_updates       | 10332    |
---------------------------------
---------------------------------
| rollout/           |          |
|    ep_len_mean     | 1.5e+03  |
|    ep_rew_mean     | -677     |
| time/              |          |
|    episodes        | 24       |
|    fps             | 80       |
|    time_elapsed    | 448      |
|    total_timesteps | 36000    |
---------------------------------
---------------------------------
| rollout/           |          |
|    ep_len_mean     | 1.5e+03  |
|    ep_rew_mean     | -725     |
|    light_cost      | 0        |
|    loom_cost       | 0        |
|    metabolic_cost  | 0        |
| time/              |          |
|    episodes        | 28       |
|    fps             | 79       |
|    time_elapsed    | 567      |
|    total_timesteps | 45000    |
| train/             |          |
|    actor_frozen    | 1        |
|    actor_loss      | 267      |
|    critic_loss     | 4.21     |
|    ent_coef        | 1        |
|    ent_coef_loss   | 0        |
|    learning_rate   | 0.0003   |
|    n_updates       | 13332    |
---------------------------------
---------------------------------
| rollout/           |          |
|    ep_len_mean     | 1.5e+03  |
|    ep_rew_mean     | -697     |
|    light_cost      | 0        |
|    loom_cost       | 0        |
|    metabolic_cost  | 0        |
| time/              |          |
|    episodes        | 32       |
|    fps             | 78       |
|    time_elapsed    | 687      |
|    total_timesteps | 54000    |
| train/             |          |
|    actor_frozen    | 0        |
|    actor_loss      | 250      |
|    critic_loss     | 3.03     |
|    ent_coef        | 0.651    |
|    ent_coef_loss   | -2.9     |
|    learning_rate   | 0.0003   |
|    n_updates       | 16332    |
---------------------------------
---------------------------------
| rollout/           |          |
|    ep_len_mean     | 1.5e+03  |
|    ep_rew_mean     | -697     |
| time/              |          |
|    episodes        | 36       |
|    fps             | 78       |
|    time_elapsed    | 687      |
|    total_timesteps | 54000    |
---------------------------------
---------------------------------
| rollout/           |          |
|    ep_len_mean     | 1.5e+03  |
|    ep_rew_mean     | -629     |
|    light_cost      | 0        |
|    loom_cost       | 0        |
|    metabolic_cost  | 0        |
| time/              |          |
|    episodes        | 40       |
|    fps             | 77       |
|    time_elapsed    | 815      |
|    total_timesteps | 63000    |
| train/             |          |
|    actor_frozen    | 0        |
|    actor_loss      | 208      |
|    critic_loss     | 1.25     |
|    ent_coef        | 0.265    |
|    ent_coef_loss   | -8.66    |
|    learning_rate   | 0.0003   |
|    n_updates       | 19332    |
---------------------------------
---------------------------------
| rollout/           |          |
|    ep_len_mean     | 1.5e+03  |
|    ep_rew_mean     | -668     |
|    light_cost      | 0        |
|    loom_cost       | 0        |
|    metabolic_cost  | 0        |
| time/              |          |
|    episodes        | 44       |
|    fps             | 76       |
|    time_elapsed    | 946      |
|    total_timesteps | 72000    |
| train/             |          |
|    actor_frozen    | 0        |
|    actor_loss      | 178      |
|    critic_loss     | 0.406    |
|    ent_coef        | 0.108    |
|    ent_coef_loss   | -14.2    |
|    learning_rate   | 0.0003   |
|    n_updates       | 22332    |
---------------------------------
---------------------------------
| rollout/           |          |
|    ep_len_mean     | 1.5e+03  |
|    ep_rew_mean     | -668     |
| time/              |          |
|    episodes        | 48       |
|    fps             | 76       |
|    time_elapsed    | 946      |
|    total_timesteps | 72000    |
---------------------------------
---------------------------------
| rollout/           |          |
|    ep_len_mean     | 1.5e+03  |
|    ep_rew_mean     | -680     |
|    light_cost      | 0        |
|    loom_cost       | 0        |
|    metabolic_cost  | 0        |
| time/              |          |
|    episodes        | 52       |
|    fps             | 75       |
|    time_elapsed    | 1078     |
|    total_timesteps | 81000    |
| train/             |          |
|    actor_frozen    | 0        |
|    actor_loss      | 156      |
|    critic_loss     | 1.56     |
|    ent_coef        | 0.0443   |
|    ent_coef_loss   | -20      |
|    learning_rate   | 0.0003   |
|    n_updates       | 25332    |
---------------------------------
---------------------------------
| rollout/           |          |
|    ep_len_mean     | 1.5e+03  |
|    ep_rew_mean     | -652     |
|    light_cost      | 0        |
|    loom_cost       | 0        |
|    metabolic_cost  | 0        |
| time/              |          |
|    episodes        | 56       |
|    fps             | 74       |
|    time_elapsed    | 1203     |
|    total_timesteps | 90000    |
| train/             |          |
|    actor_frozen    | 0        |
|    actor_loss      | 140      |
|    critic_loss     | 0.911    |
|    ent_coef        | 0.0185   |
|    ent_coef_loss   | -20.4    |
|    learning_rate   | 0.0003   |
|    n_updates       | 28332    |
---------------------------------
---------------------------------
| rollout/           |          |
|    ep_len_mean     | 1.5e+03  |
|    ep_rew_mean     | -652     |
| time/              |          |
|    episodes        | 60       |
|    fps             | 74       |
|    time_elapsed    | 1203     |
|    total_timesteps | 90000    |
---------------------------------
---------------------------------
| rollout/           |          |
|    ep_len_mean     | 1.5e+03  |
|    ep_rew_mean     | -702     |
|    light_cost      | 0        |
|    loom_cost       | 0        |
|    metabolic_cost  | 0        |
| time/              |          |
|    episodes        | 64       |
|    fps             | 74       |
|    time_elapsed    | 1331     |
|    total_timesteps | 99000    |
| train/             |          |
|    actor_frozen    | 0        |
|    actor_loss      | 126      |
|    critic_loss     | 0.939    |
|    ent_coef        | 0.00798  |
|    ent_coef_loss   | -27      |
|    learning_rate   | 0.0003   |
|    n_updates       | 31332    |
---------------------------------
---------------------------------
| rollout/           |          |
|    ep_len_mean     | 1.5e+03  |
|    ep_rew_mean     | -694     |
|    light_cost      | 0        |
|    loom_cost       | 0        |
|    metabolic_cost  | 0        |
| time/              |          |
|    episodes        | 68       |
|    fps             | 73       |
|    time_elapsed    | 1460     |
|    total_timesteps | 108000   |
| train/             |          |
|    actor_frozen    | 0        |
|    actor_loss      | 115      |
|    critic_loss     | 2.53     |
|    ent_coef        | 0.00383  |
|    ent_coef_loss   | -14.8    |
|    learning_rate   | 0.0003   |
|    n_updates       | 34332    |
---------------------------------
---------------------------------
| rollout/           |          |
|    ep_len_mean     | 1.5e+03  |
|    ep_rew_mean     | -694     |
| time/              |          |
|    episodes        | 72       |
|    fps             | 73       |
|    time_elapsed    | 1460     |
|    total_timesteps | 108000   |
---------------------------------
---------------------------------
| rollout/           |          |
|    ep_len_mean     | 1.5e+03  |
|    ep_rew_mean     | -672     |
|    light_cost      | 0        |
|    loom_cost       | 0        |
|    metabolic_cost  | 0        |
| time/              |          |
|    episodes        | 76       |
|    fps             | 73       |
|    time_elapsed    | 1588     |
|    total_timesteps | 117000   |
| train/             |          |
|    actor_frozen    | 0        |
|    actor_loss      | 106      |
|    critic_loss     | 1.47     |
|    ent_coef        | 0.00194  |
|    ent_coef_loss   | -9.31    |
|    learning_rate   | 0.0003   |
|    n_updates       | 37332    |
---------------------------------
---------------------------------
| rollout/           |          |
|    ep_len_mean     | 1.5e+03  |
|    ep_rew_mean     | -668     |
|    light_cost      | 0        |
|    loom_cost       | 0        |
|    metabolic_cost  | 0        |
| time/              |          |
|    episodes        | 80       |
|    fps             | 73       |
|    time_elapsed    | 1716     |
|    total_timesteps | 126000   |
| train/             |          |
|    actor_frozen    | 0        |
|    actor_loss      | 97.1     |
|    critic_loss     | 1.75     |
|    ent_coef        | 0.00224  |
|    ent_coef_loss   | 6.98     |
|    learning_rate   | 0.0003   |
|    n_updates       | 40332    |
---------------------------------
---------------------------------
| rollout/           |          |
|    ep_len_mean     | 1.5e+03  |
|    ep_rew_mean     | -668     |
| time/              |          |
|    episodes        | 84       |
|    fps             | 73       |
|    time_elapsed    | 1716     |
|    total_timesteps | 126000   |
---------------------------------
---------------------------------
| rollout/           |          |
|    ep_len_mean     | 1.5e+03  |
|    ep_rew_mean     | -669     |
|    light_cost      | 0        |
|    loom_cost       | 0        |
|    metabolic_cost  | 0        |
| time/              |          |
|    episodes        | 88       |
|    fps             | 73       |
|    time_elapsed    | 1847     |
|    total_timesteps | 135000   |
| train/             |          |
|    actor_frozen    | 0        |
|    actor_loss      | 89.7     |
|    critic_loss     | 2.01     |
|    ent_coef        | 0.00228  |
|    ent_coef_loss   | -0.596   |
|    learning_rate   | 0.0003   |
|    n_updates       | 43332    |
---------------------------------
---------------------------------
| rollout/           |          |
|    ep_len_mean     | 1.5e+03  |
|    ep_rew_mean     | -688     |
|    light_cost      | 0        |
|    loom_cost       | 0        |
|    metabolic_cost  | 0        |
| time/              |          |
|    episodes        | 92       |
|    fps             | 72       |
|    time_elapsed    | 1976     |
|    total_timesteps | 144000   |
| train/             |          |
|    actor_frozen    | 0        |
|    actor_loss      | 83.1     |
|    critic_loss     | 8.39     |
|    ent_coef        | 0.00312  |
|    ent_coef_loss   | 1.34     |
|    learning_rate   | 0.0003   |
|    n_updates       | 46332    |
---------------------------------
---------------------------------
| rollout/           |          |
|    ep_len_mean     | 1.5e+03  |
|    ep_rew_mean     | -688     |
| time/              |          |
|    episodes        | 96       |
|    fps             | 72       |
|    time_elapsed    | 1976     |
|    total_timesteps | 144000   |
---------------------------------
{
  "learner": "decoder",
  "frames": 150000,
  "decoder": null,
  "encoder": "/home/gb/projects/fly-drone/runs/v5/round1/encoder/encoder.pt",
  "init": "runs/v5/round0/decoder.zip",
  "workers": 6,
  "seed": 42,
  "buffer_size": 100000,
  "actor_warmup": 50000,
  "export_max_error": 5.722045899325678e-07,
  "encoder_version": "learned-v5:b9722d66acced4f1"
}
